../Drivers/BSP/LCD/lcd.c:88:17:lcd_rd_data	8	static
../Drivers/BSP/LCD/lcd.c:54:6:lcd_wr_data	8	static
../Drivers/BSP/LCD/lcd.c:65:6:lcd_wr_regno	8	static
../Drivers/BSP/LCD/lcd_ex.c:36:6:lcd_ex_st7789_reginit	8	static
../Drivers/BSP/LCD/lcd_ex.c:134:6:lcd_ex_ili9341_reginit	8	static
../Drivers/BSP/LCD/lcd_ex.c:236:6:lcd_ex_nt35310_reginit	8	static
../Drivers/BSP/LCD/lcd_ex.c:1341:6:lcd_ex_ssd1963_reginit	8	static
../Drivers/BSP/LCD/lcd_ex.c:922:6:lcd_ex_nt35510_reginit	40	static
../Drivers/BSP/LCD/lcd.c:77:6:lcd_write_reg	0	static
../Drivers/BSP/LCD/lcd.c:110:6:lcd_write_ram_prepare	0	static
../Drivers/BSP/LCD/lcd.c:163:6:lcd_display_on	0	static
../Drivers/BSP/LCD/lcd.c:180:6:lcd_display_off	0	static
../Drivers/BSP/LCD/lcd.c:197:6:lcd_set_cursor	40	static
../Drivers/BSP/LCD/lcd.c:120:10:lcd_read_point	8	static
../Drivers/BSP/LCD/lcd.c:258:6:lcd_scan_dir	24	static
../Drivers/BSP/LCD/lcd.c:418:6:lcd_draw_point	8	static
../Drivers/BSP/LCD/lcd.c:430:6:lcd_ssd_backlight_set	8	static
../Drivers/BSP/LCD/lcd.c:446:6:lcd_display_dir	4	static
../Drivers/BSP/LCD/lcd.c:530:6:lcd_set_window	48	static
../Drivers/BSP/LCD/lcd.c:717:6:lcd_clear	16	static
../Drivers/BSP/LCD/lcd.c:595:6:lcd_init	40	static
../Drivers/BSP/LCD/lcd.c:738:6:lcd_fill	32	static
../Drivers/BSP/LCD/lcd.c:762:6:lcd_color_fill	32	static
../Drivers/BSP/LCD/lcd.c:789:6:lcd_draw_line	56	static
../Drivers/BSP/LCD/lcd.c:863:6:lcd_draw_hline	32	static
../Drivers/BSP/LCD/lcd.c:880:6:lcd_draw_rectangle	32	static
../Drivers/BSP/LCD/lcd.c:895:6:lcd_draw_circle	64	static
../Drivers/BSP/LCD/lcd.c:936:6:lcd_fill_circle	56	static
../Drivers/BSP/LCD/lcd.c:973:6:lcd_show_char	48	static
../Drivers/BSP/LCD/lcd.c:1067:6:lcd_show_num	64	static
../Drivers/BSP/LCD/lcd.c:1106:6:lcd_show_xnum	72	static
../Drivers/BSP/LCD/lcd.c:1149:6:lcd_show_string	56	static
../Drivers/BSP/LCD/lcd.c:1183:6:lcd_show_str	56	static
